// Jest Snapshot v1, https://goo.gl/fbAQLP

exports[`HelloWorld match snapshot 1`] = `
<h1>
   Hello World, React! 
</h1>
`;
